Archive member included to satisfy reference by file (symbol)

c:/nxp/s32ds.3.6.3/s32ds/build_tools/gcc_v10.2/gcc-10.2-arm32-eabi/bin/../lib/gcc/arm-none-eabi/10.2.0/../../../../arm-none-eabi/lib/thumb/v7e-m/nofp\libc.a(lib_a-exit.o)
                              c:/nxp/s32ds.3.6.3/s32ds/build_tools/gcc_v10.2/gcc-10.2-arm32-eabi/bin/../lib/gcc/arm-none-eabi/10.2.0/../../../../arm-none-eabi/lib/thumb/v7e-m/nofp/rdimon-crt0.o (exit)
c:/nxp/s32ds.3.6.3/s32ds/build_tools/gcc_v10.2/gcc-10.2-arm32-eabi/bin/../lib/gcc/arm-none-eabi/10.2.0/../../../../arm-none-eabi/lib/thumb/v7e-m/nofp\libc.a(lib_a-impure.o)
                              c:/nxp/s32ds.3.6.3/s32ds/build_tools/gcc_v10.2/gcc-10.2-arm32-eabi/bin/../lib/gcc/arm-none-eabi/10.2.0/../../../../arm-none-eabi/lib/thumb/v7e-m/nofp\libc.a(lib_a-exit.o) (_global_impure_ptr)
c:/nxp/s32ds.3.6.3/s32ds/build_tools/gcc_v10.2/gcc-10.2-arm32-eabi/bin/../lib/gcc/arm-none-eabi/10.2.0/../../../../arm-none-eabi/lib/thumb/v7e-m/nofp\libc.a(lib_a-init.o)
                              c:/nxp/s32ds.3.6.3/s32ds/build_tools/gcc_v10.2/gcc-10.2-arm32-eabi/bin/../lib/gcc/arm-none-eabi/10.2.0/../../../../arm-none-eabi/lib/thumb/v7e-m/nofp/rdimon-crt0.o (__libc_init_array)
c:/nxp/s32ds.3.6.3/s32ds/build_tools/gcc_v10.2/gcc-10.2-arm32-eabi/bin/../lib/gcc/arm-none-eabi/10.2.0/../../../../arm-none-eabi/lib/thumb/v7e-m/nofp\libc.a(lib_a-memset.o)
                              c:/nxp/s32ds.3.6.3/s32ds/build_tools/gcc_v10.2/gcc-10.2-arm32-eabi/bin/../lib/gcc/arm-none-eabi/10.2.0/../../../../arm-none-eabi/lib/thumb/v7e-m/nofp/rdimon-crt0.o (memset)
c:/nxp/s32ds.3.6.3/s32ds/build_tools/gcc_v10.2/gcc-10.2-arm32-eabi/bin/../lib/gcc/arm-none-eabi/10.2.0/../../../../arm-none-eabi/lib/thumb/v7e-m/nofp\libc.a(lib_a-__call_atexit.o)
                              c:/nxp/s32ds.3.6.3/s32ds/build_tools/gcc_v10.2/gcc-10.2-arm32-eabi/bin/../lib/gcc/arm-none-eabi/10.2.0/../../../../arm-none-eabi/lib/thumb/v7e-m/nofp\libc.a(lib_a-exit.o) (__call_exitprocs)
c:/nxp/s32ds.3.6.3/s32ds/build_tools/gcc_v10.2/gcc-10.2-arm32-eabi/bin/../lib/gcc/arm-none-eabi/10.2.0/../../../../arm-none-eabi/lib/thumb/v7e-m/nofp\libc.a(lib_a-fini.o)
                              c:/nxp/s32ds.3.6.3/s32ds/build_tools/gcc_v10.2/gcc-10.2-arm32-eabi/bin/../lib/gcc/arm-none-eabi/10.2.0/../../../../arm-none-eabi/lib/thumb/v7e-m/nofp\libc.a(lib_a-__call_atexit.o) (__libc_fini_array)
c:/nxp/s32ds.3.6.3/s32ds/build_tools/gcc_v10.2/gcc-10.2-arm32-eabi/bin/../lib/gcc/arm-none-eabi/10.2.0/../../../../arm-none-eabi/lib/thumb/v7e-m/nofp\libc.a(lib_a-atexit.o)
                              c:/nxp/s32ds.3.6.3/s32ds/build_tools/gcc_v10.2/gcc-10.2-arm32-eabi/bin/../lib/gcc/arm-none-eabi/10.2.0/../../../../arm-none-eabi/lib/thumb/v7e-m/nofp\libc.a(lib_a-__call_atexit.o) (atexit)
c:/nxp/s32ds.3.6.3/s32ds/build_tools/gcc_v10.2/gcc-10.2-arm32-eabi/bin/../lib/gcc/arm-none-eabi/10.2.0/../../../../arm-none-eabi/lib/thumb/v7e-m/nofp\libc.a(lib_a-__atexit.o)
                              c:/nxp/s32ds.3.6.3/s32ds/build_tools/gcc_v10.2/gcc-10.2-arm32-eabi/bin/../lib/gcc/arm-none-eabi/10.2.0/../../../../arm-none-eabi/lib/thumb/v7e-m/nofp\libc.a(lib_a-atexit.o) (__register_exitproc)
c:/nxp/s32ds.3.6.3/s32ds/build_tools/gcc_v10.2/gcc-10.2-arm32-eabi/bin/../lib/gcc/arm-none-eabi/10.2.0/../../../../arm-none-eabi/lib/thumb/v7e-m/nofp\librdimon.a(rdimon-syscalls.o)
                              c:/nxp/s32ds.3.6.3/s32ds/build_tools/gcc_v10.2/gcc-10.2-arm32-eabi/bin/../lib/gcc/arm-none-eabi/10.2.0/../../../../arm-none-eabi/lib/thumb/v7e-m/nofp/rdimon-crt0.o (initialise_monitor_handles)
c:/nxp/s32ds.3.6.3/s32ds/build_tools/gcc_v10.2/gcc-10.2-arm32-eabi/bin/../lib/gcc/arm-none-eabi/10.2.0/../../../../arm-none-eabi/lib/thumb/v7e-m/nofp\librdimon.a(rdimon-_exit.o)
                              c:/nxp/s32ds.3.6.3/s32ds/build_tools/gcc_v10.2/gcc-10.2-arm32-eabi/bin/../lib/gcc/arm-none-eabi/10.2.0/../../../../arm-none-eabi/lib/thumb/v7e-m/nofp\libc.a(lib_a-exit.o) (_exit)
c:/nxp/s32ds.3.6.3/s32ds/build_tools/gcc_v10.2/gcc-10.2-arm32-eabi/bin/../lib/gcc/arm-none-eabi/10.2.0/../../../../arm-none-eabi/lib/thumb/v7e-m/nofp\librdimon.a(rdimon-_kill.o)
                              c:/nxp/s32ds.3.6.3/s32ds/build_tools/gcc_v10.2/gcc-10.2-arm32-eabi/bin/../lib/gcc/arm-none-eabi/10.2.0/../../../../arm-none-eabi/lib/thumb/v7e-m/nofp\librdimon.a(rdimon-_exit.o) (_kill_shared)
c:/nxp/s32ds.3.6.3/s32ds/build_tools/gcc_v10.2/gcc-10.2-arm32-eabi/bin/../lib/gcc/arm-none-eabi/10.2.0/../../../../arm-none-eabi/lib/thumb/v7e-m/nofp\libc.a(lib_a-errno.o)
                              c:/nxp/s32ds.3.6.3/s32ds/build_tools/gcc_v10.2/gcc-10.2-arm32-eabi/bin/../lib/gcc/arm-none-eabi/10.2.0/../../../../arm-none-eabi/lib/thumb/v7e-m/nofp\librdimon.a(rdimon-syscalls.o) (__errno)
c:/nxp/s32ds.3.6.3/s32ds/build_tools/gcc_v10.2/gcc-10.2-arm32-eabi/bin/../lib/gcc/arm-none-eabi/10.2.0/../../../../arm-none-eabi/lib/thumb/v7e-m/nofp\libc.a(lib_a-findfp.o)
[...]
Memory Configuration

Name             Origin             Length             Attributes
m_interrupts     0x00000000         0x00000400         xr
m_flash_config   0x00000400         0x00000010         xr
m_text           0x00000410         0x0007fbf0         xr
m_data           0x1fff8000         0x00008000         rw
m_data_2         0x20000000         0x00007000         rw
*default*        0x00000000         0xffffffff

Linker script and memory map

LOAD c:/nxp/s32ds.3.6.3/s32ds/build_tools/gcc_v10.2/gcc-10.2-arm32-eabi/bin/../lib/gcc/arm-none-eabi/10.2.0/thumb/v7e-m/nofp/crti.o
LOAD c:/nxp/s32ds.3.6.3/s32ds/build_tools/gcc_v10.2/gcc-10.2-arm32-eabi/bin/../lib/gcc/arm-none-eabi/10.2.0/thumb/v7e-m/nofp/crtbegin.o
LOAD c:/nxp/s32ds.3.6.3/s32ds/build_tools/gcc_v10.2/gcc-10.2-arm32-eabi/bin/../lib/gcc/arm-none-eabi/10.2.0/../../../../arm-none-eabi/lib/thumb/v7e-m/nofp/rdimon-crt0.o
LOAD ./Project_Settings/Startup_Code/startup.o
LOAD ./Project_Settings/Startup_Code/startup_S32K144.o
LOAD ./Project_Settings/Startup_Code/system_S32K144.o
LOAD ./src/driver/GPIO.o
LOAD ./src/driver/Port.o
LOAD ./src/main.o
START GROUP
LOAD c:/nxp/s32ds.3.6.3/s32ds/build_tools/gcc_v10.2/gcc-10.2-arm32-eabi/bin/../lib/gcc/arm-none-eabi/10.2.0/thumb/v7e-m/nofp\libgcc.a
LOAD c:/nxp/s32ds.3.6.3/s32ds/build_tools/gcc_v10.2/gcc-10.2-arm32-eabi/bin/../lib/gcc/arm-none-eabi/10.2.0/../../../../arm-none-eabi/lib/thumb/v7e-m/nofp\libc.a
END GROUP
START GROUP
LOAD c:/nxp/s32ds.3.6.3/s32ds/build_tools/gcc_v10.2/gcc-10.2-arm32-eabi/bin/../lib/gcc/arm-none-eabi/10.2.0/thumb/v7e-m/nofp\libgcc.a
LOAD c:/nxp/s32ds.3.6.3/s32ds/build_tools/gcc_v10.2/gcc-10.2-arm32-eabi/bin/../lib/gcc/arm-none-eabi/10.2.0/../../../../arm-none-eabi/lib/thumb/v7e-m/nofp\libc.a
LOAD c:/nxp/s32ds.3.6.3/s32ds/build_tools/gcc_v10.2/gcc-10.2-arm32-eabi/bin/../lib/gcc/arm-none-eabi/10.2.0/../../../../arm-none-eabi/lib/thumb/v7e-m/nofp\librdimon.a
END GROUP
LOAD c:/nxp/s32ds.3.6.3/s32ds/build_tools/gcc_v10.2/gcc-10.2-arm32-eabi/bin/../lib/gcc/arm-none-eabi/10.2.0/thumb/v7e-m/nofp/crtend.o
LOAD c:/nxp/s32ds.3.6.3/s32ds/build_tools/gcc_v10.2/gcc-10.2-arm32-eabi/bin/../lib/gcc/arm-none-eabi/10.2.0/thumb/v7e-m/nofp/crtn.o
                0x00000400                HEAP_SIZE = DEFINED (__heap_size__)?__heap_size__:0x400
                0x00000400                STACK_SIZE = DEFINED (__stack_size__)?__stack_size__:0x400
                0x00000400                M_VECTOR_RAM_SIZE = DEFINED (__flash_vector_table__)?0x0:0x400

.interrupts     0x00000000      0x400
                0x00000000                __VECTOR_TABLE = .
                0x00000000                __interrupts_start__ = .
                0x00000000                . = ALIGN (0x4)
 *(.isr_vector)
 .isr_vector    0x00000000      0x400 ./Project_Settings/Startup_Code/startup_S32K144.o
                0x00000000                __isr_vector
                0x00000400                __interrupts_end__ = .
                0x00000400                . = ALIGN (0x4)

.flash_config   0x00000400       0x10
                0x00000400                . = ALIGN (0x4)
 *(.FlashConfig)
 .FlashConfig   0x00000400       0x10 ./Project_Settings/Startup_Code/startup_S32K144.o
                0x00000410                . = ALIGN (0x4)

.text           0x00000410     0x13ac
                0x00000410                . = ALIGN (0x4)
 *(.text)
 .text          0x00000410       0x88 c:/nxp/s32ds.3.6.3/s32ds/build_tools/gcc_v10.2/gcc-10.2-arm32-eabi/bin/../lib/gcc/arm-none-eabi/10.2.0/thumb/v7e-m/nofp/crtbegin.o
 .text          0x00000498       0xf8 c:/nxp/s32ds.3.6.3/s32ds/build_tools/gcc_v10.2/gcc-10.2-arm32-eabi/bin/../lib/gcc/arm-none-eabi/10.2.0/../../../../arm-none-eabi/lib/thumb/v7e-m/nofp/rdimon-crt0.o
                0x00000498                _stack_init
                0x000004a4                _start
                0x000004a4                _mainCRTStartup
 .text          0x00000590       0x6c ./Project_Settings/Startup_Code/startup_S32K144.o
                0x00000590                Reset_Handler
                0x000005f8                DebugMon_Handler
                0x000005f8                Reserved88_IRQHandler
                0x000005f8                CAN0_ORed_IRQHandler
                0x000005f8                HardFault_Handler
                0x000005f8                Reserved86_IRQHandler
                0x000005f8                Reserved103_IRQHandler
                0x000005f8                SysTick_Handler
                0x000005f8                FTM2_Ovf_Reload_IRQHandler
                0x000005f8                Reserved50_IRQHandler
                0x000005f8                FTFC_Fault_IRQHandler
                0x000005f8                FTM0_Ch6_Ch7_IRQHandler
                0x000005f8                Reserved114_IRQHandler
                0x000005f8                PendSV_Handler
                0x000005f8                NMI_Handler
                0x000005f8                Reserved89_IRQHandler
                0x000005f8                ERM_double_fault_IRQHandler
                0x000005f8                DMA2_IRQHandler
                0x000005f8                Reserved59_IRQHandler
                0x000005f8                LPIT0_Ch0_IRQHandler
                0x000005f8                Reserved99_IRQHandler
                0x000005f8                FTM3_Ch6_Ch7_IRQHandler
                0x000005f8                CAN2_ORed_0_15_MB_IRQHandler
                0x000005f8                LPIT0_Ch3_IRQHandler
                0x000005f8                Reserved92_IRQHandler
                0x000005f8                FTM0_Ch4_Ch5_IRQHandler
                0x000005f8                CAN1_Error_IRQHandler
                0x000005f8                FTM3_Ch0_Ch1_IRQHandler
                0x000005f8                SWI_IRQHandler
                0x000005f8                ADC0_IRQHandler
                0x000005f8                FTM2_Ch4_Ch5_IRQHandler
                0x000005f8                UsageFault_Handler
                0x000005f8                FTM0_Ovf_Reload_IRQHandler
                0x000005f8                DefaultISR
                0x000005f8                DMA9_IRQHandler
                0x000005f8                Reserved58_IRQHandler
                0x000005f8                CAN1_ORed_0_15_MB_IRQHandler
                0x000005f8                FTM1_Ch2_Ch3_IRQHandler
                0x000005f8                DMA14_IRQHandler
                0x000005f8                Reserved82_IRQHandler
                0x000005f8                CAN0_ORed_16_31_MB_IRQHandler
                0x000005f8                LPI2C0_Slave_IRQHandler
                0x000005f8                Reserved71_IRQHandler
                0x000005f8                PORTD_IRQHandler
                0x000005f8                Reserved69_IRQHandler
                0x000005f8                PORTB_IRQHandler
                0x000005f8                Reserved70_IRQHandler
                0x000005f8                ADC1_IRQHandler
                0x000005f8                FTM2_Ch2_Ch3_IRQHandler
                0x000005f8                Reserved53_IRQHandler
                0x000005f8                DMA5_IRQHandler
                0x000005f8                RTC_IRQHandler
                0x000005f8                PDB0_IRQHandler
                0x000005f8                Reserved54_IRQHandler
                0x000005f8                FTM2_Ch6_Ch7_IRQHandler
                0x000005f8                FTM3_Ch2_Ch3_IRQHandler
                0x000005f8                FTM2_Ch0_Ch1_IRQHandler
                0x000005f8                LPSPI1_IRQHandler
                0x000005f8                LPUART1_RxTx_IRQHandler
                0x000005f8                RTC_Seconds_IRQHandler
                0x000005f8                CAN2_ORed_IRQHandler
                0x000005f8                Reserved72_IRQHandler
                0x000005f8                Reserved110_IRQHandler
                0x000005f8                DMA11_IRQHandler
                0x000005f8                Reserved107_IRQHandler
                0x000005f8                Read_Collision_IRQHandler
                0x000005f8                CAN2_Error_IRQHandler
                0x000005f8                FTFC_IRQHandler
                0x000005f8                DMA7_IRQHandler
                0x000005f8                FTM1_Ch6_Ch7_IRQHandler
                0x000005f8                Reserved105_IRQHandler
                0x000005f8                LPIT0_Ch1_IRQHandler
                0x000005f8                FTM1_Ch4_Ch5_IRQHandler
                0x000005f8                FTM3_Ovf_Reload_IRQHandler
                0x000005f8                LPUART2_RxTx_IRQHandler
                0x000005f8                LPSPI0_IRQHandler
                0x000005f8                WDOG_EWM_IRQHandler
                0x000005f8                MemManage_Handler
                0x000005f8                Reserved90_IRQHandler
                0x000005f8                Reserved83_IRQHandler
                0x000005f8                FTM0_Fault_IRQHandler
                0x000005f8                Reserved48_IRQHandler
                0x000005f8                SVC_Handler
                0x000005f8                ERM_single_fault_IRQHandler
                0x000005f8                FTM2_Fault_IRQHandler
                0x000005f8                FTM0_Ch2_Ch3_IRQHandler
                0x000005f8                DMA13_IRQHandler
                0x000005f8                FTM0_Ch0_Ch1_IRQHandler
                0x000005f8                FTM3_Fault_IRQHandler
                0x000005f8                RCM_IRQHandler
                0x000005f8                DMA3_IRQHandler
                0x000005f8                Reserved100_IRQHandler
                0x000005f8                DMA0_IRQHandler
                0x000005f8                Reserved91_IRQHandler
                0x000005f8                CAN1_ORed_IRQHandler
                0x000005f8                DMA15_IRQHandler
                0x000005f8                SCG_IRQHandler
                0x000005f8                PDB1_IRQHandler
                0x000005f8                Reserved81_IRQHandler
                0x000005f8                Reserved46_IRQHandler
                0x000005f8                Reserved45_IRQHandler
                0x000005f8                CAN0_Error_IRQHandler
                0x000005f8                Reserved112_IRQHandler
                0x000005f8                LPI2C0_Master_IRQHandler
                0x000005f8                DMA4_IRQHandler
                0x000005f8                FTM1_Fault_IRQHandler
                0x000005f8                Reserved106_IRQHandler
                0x000005f8                DMA_Error_IRQHandler
                0x000005f8                LVD_LVW_IRQHandler
                0x000005f8                LPIT0_Ch2_IRQHandler
                0x000005f8                PORTA_IRQHandler
                0x000005f8                MCM_IRQHandler
                0x000005f8                LPSPI2_IRQHandler
                0x000005f8                DMA12_IRQHandler
                0x000005f8                FTM3_Ch4_Ch5_IRQHandler
                0x000005f8                CAN0_ORed_0_15_MB_IRQHandler
                0x000005f8                PORTE_IRQHandler
                0x000005f8                LPUART0_RxTx_IRQHandler
                0x000005f8                LPTMR0_IRQHandler
                0x000005f8                BusFault_Handler
                0x000005f8                Reserved87_IRQHandler
                0x000005f8                FTM1_Ovf_Reload_IRQHandler
                0x000005f8                DMA8_IRQHandler
                0x000005f8                Reserved93_IRQHandler
                0x000005f8                DMA10_IRQHandler
                0x000005f8                CAN0_Wake_Up_IRQHandler
                0x000005f8                CMP0_IRQHandler
                0x000005f8                Reserved52_IRQHandler
                0x000005f8                DMA6_IRQHandler
                0x000005f8                FTM1_Ch0_Ch1_IRQHandler
                0x000005f8                FLEXIO_IRQHandler
                0x000005f8                DMA1_IRQHandler
                0x000005f8                Reserved113_IRQHandler
 .text          0x000005fc       0x10 c:/nxp/s32ds.3.6.3/s32ds/build_tools/gcc_v10.2/gcc-10.2-arm32-eabi/bin/../lib/gcc/arm-none-eabi/10.2.0/../../../../arm-none-eabi/lib/thumb/v7e-m/nofp\libc.a(lib_a-strlen.o)
                0x000005fc                strlen
 *(.text*)
 .text.init_data_bss
                0x0000060c      0x128 ./Project_Settings/Startup_Code/startup.o
                0x0000060c                init_data_bss
 .text.SystemInit
                0x00000734       0x30 ./Project_Settings/Startup_Code/system_S32K144.o
                0x00000734                SystemInit
 .text.GPIO_SetPinDirection
                0x00000764       0x44 ./src/driver/GPIO.o
                0x00000764                GPIO_SetPinDirection
 .text.GPIO_TogglePin
                0x000007a8       0x22 ./src/driver/GPIO.o
                0x000007a8                GPIO_TogglePin
 *fill*         0x000007ca        0x2 
 .text.PORT_EnableClock
                0x000007cc       0xac ./src/driver/Port.o
                0x000007cc                PORT_EnableClock
 .text.PORT_SetPinMux
                0x00000878       0x36 ./src/driver/Port.o
                0x00000878                PORT_SetPinMux
 *fill*         0x000008ae        0x2 
 .text.PORT_EnableInterrupt
                0x000008b0       0x80 ./src/driver/Port.o
                0x000008b0                PORT_EnableInterrupt
 .text.PORTC_IRQHandler
                0x00000930       0x74 ./src/driver/Port.o
                0x00000930                PORTC_IRQHandler
 .text.NVIC_EnableIRQ
                0x000009a4       0x38 ./src/driver/Port.o
                0x000009a4                NVIC_EnableIRQ
 .text.main     0x000009dc       0x74 ./src/main.o
                0x000009dc                main
 .text.Button1_Callback
                0x00000a50       0x14 ./src/main.o
                0x00000a50                Button1_Callback
 .text.Button2_Callback
                0x00000a64       0x14 ./src/main.o
                0x00000a64                Button2_Callback
 .text.exit     0x00000a78       0x20 c:/nxp/s32ds.3.6.3/s32ds/build_tools/gcc_v10.2/gcc-10.2-arm32-eabi/bin/../lib/gcc/arm-none-eabi/10.2.0/../../../../arm-none-eabi/lib/thumb/v7e-m/nofp\libc.a(lib_a-exit.o)
                0x00000a78                exit
 .text.__libc_init_array
                0x00000a98       0x48 c:/nxp/s32ds.3.6.3/s32ds/build_tools/gcc_v10.2/gcc-10.2-arm32-eabi/bin/../lib/gcc/arm-none-eabi/10.2.0/../../../../arm-none-eabi/lib/thumb/v7e-m/nofp\libc.a(lib_a-init.o)
                0x00000a98                __libc_init_array
 .text.memset   0x00000ae0       0x10 c:/nxp/s32ds.3.6.3/s32ds/build_tools/gcc_v10.2/gcc-10.2-arm32-eabi/bin/../lib/gcc/arm-none-eabi/10.2.0/../../../../arm-none-eabi/lib/thumb/v7e-m/nofp\libc.a(lib_a-memset.o)
                0x00000ae0                memset
 .text.startup.register_fini
                0x00000af0       0x14 c:/nxp/s32ds.3.6.3/s32ds/build_tools/gcc_v10.2/gcc-10.2-arm32-eabi/bin/../lib/gcc/arm-none-eabi/10.2.0/../../../../arm-none-eabi/lib/thumb/v7e-m/nofp\libc.a(lib_a-__call_atexit.o)
 .text.__call_exitprocs
                0x00000b04       0xa4 c:/nxp/s32ds.3.6.3/s32ds/build_tools/gcc_v10.2/gcc-10.2-arm32-eabi/bin/../lib/gcc/arm-none-eabi/10.2.0/../../../../arm-none-eabi/lib/thumb/v7e-m/nofp\libc.a(lib_a-__call_atexit.o)
                0x00000b04                __call_exitprocs
 .text.__libc_fini_array
                0x00000ba8       0x28 c:/nxp/s32ds.3.6.3/s32ds/build_tools/gcc_v10.2/gcc-10.2-arm32-eabi/bin/../lib/gcc/arm-none-eabi/10.2.0/../../../../arm-none-eabi/lib/thumb/v7e-m/nofp\libc.a(lib_a-fini.o)
                0x00000ba8                __libc_fini_array
 .text.atexit   0x00000bd0        0xc c:/nxp/s32ds.3.6.3/s32ds/build_tools/gcc_v10.2/gcc-10.2-arm32-eabi/bin/../lib/gcc/arm-none-eabi/10.2.0/../../../../arm-none-eabi/lib/thumb/v7e-m/nofp\libc.a(lib_a-atexit.o)
                0x00000bd0                atexit
 .text.__register_exitproc
                0x00000bdc       0x64 c:/nxp/s32ds.3.6.3/s32ds/build_tools/gcc_v10.2/gcc-10.2-arm32-eabi/bin/../lib/gcc/arm-none-eabi/10.2.0/../../../../arm-none-eabi/lib/thumb/v7e-m/nofp\libc.a(lib_a-__atexit.o)
                0x00000bdc                __register_exitproc
 .text.findslot
                0x00000c40       0x34 c:/nxp/s32ds.3.6.3/s32ds/build_tools/gcc_v10.2/gcc-10.2-arm32-eabi/bin/../lib/gcc/arm-none-eabi/10.2.0/../../../../arm-none-eabi/lib/thumb/v7e-m/nofp\librdimon.a(rdimon-syscalls.o)
 .text.error    0x00000c74       0x1c c:/nxp/s32ds.3.6.3/s32ds/build_tools/gcc_v10.2/gcc-10.2-arm32-eabi/bin/../lib/gcc/arm-none-eabi/10.2.0/../../../../arm-none-eabi/lib/thumb/v7e-m/nofp\librdimon.a(rdimon-syscalls.o)
 .text.checkerror
                0x00000c90        0xa c:/nxp/s32ds.3.6.3/s32ds/build_tools/gcc_v10.2/gcc-10.2-arm32-eabi/bin/../lib/gcc/arm-none-eabi/10.2.0/../../../../arm-none-eabi/lib/thumb/v7e-m/nofp\librdimon.a(rdimon-syscalls.o)
 .text._swiread
                0x00000c9a       0x20 c:/nxp/s32ds.3.6.3/s32ds/build_tools/gcc_v10.2/gcc-10.2-arm32-eabi/bin/../lib/gcc/arm-none-eabi/10.2.0/../../../../arm-none-eabi/lib/thumb/v7e-m/nofp\librdimon.a(rdimon-syscalls.o)
                0x00000c9a                _swiread
 .text._read    0x00000cba       0x34 c:/nxp/s32ds.3.6.3/s32ds/build_tools/gcc_v10.2/gcc-10.2-arm32-eabi/bin/../lib/gcc/arm-none-eabi/10.2.0/../../../../arm-none-eabi/lib/thumb/v7e-m/nofp\librdimon.a(rdimon-syscalls.o)
                0x00000cba                _read
 .text._swilseek
                0x00000cee       0x78 c:/nxp/s32ds.3.6.3/s32ds/build_tools/gcc_v10.2/gcc-10.2-arm32-eabi/bin/../lib/gcc/arm-none-eabi/10.2.0/../../../../arm-none-eabi/lib/thumb/v7e-m/nofp\librdimon.a(rdimon-syscalls.o)
                0x00000cee                _swilseek
 .text._lseek   0x00000d66        0x4 c:/nxp/s32ds.3.6.3/s32ds/build_tools/gcc_v10.2/gcc-10.2-arm32-eabi/bin/../lib/gcc/arm-none-eabi/10.2.0/../../../../arm-none-eabi/lib/thumb/v7e-m/nofp\librdimon.a(rdimon-syscalls.o)
                0x00000d66                _lseek
 .text._swiwrite
                0x00000d6a       0x20 c:/nxp/s32ds.3.6.3/s32ds/build_tools/gcc_v10.2/gcc-10.2-arm32-eabi/bin/../lib/gcc/arm-none-eabi/10.2.0/../../../../arm-none-eabi/lib/thumb/v7e-m/nofp\librdimon.a(rdimon-syscalls.o)
                0x00000d6a                _swiwrite
 .text._write   0x00000d8a       0x40 c:/nxp/s32ds.3.6.3/s32ds/build_tools/gcc_v10.2/gcc-10.2-arm32-eabi/bin/../lib/gcc/arm-none-eabi/10.2.0/../../../../arm-none-eabi/lib/thumb/v7e-m/nofp\librdimon.a(rdimon-syscalls.o)
                0x00000d8a                _write
 .text._swiclose
                0x00000dca       0x1a c:/nxp/s32ds.3.6.3/s32ds/build_tools/gcc_v10.2/gcc-10.2-arm32-eabi/bin/../lib/gcc/arm-none-eabi/10.2.0/../../../../arm-none-eabi/lib/thumb/v7e-m/nofp\librdimon.a(rdimon-syscalls.o)
                0x00000dca                _swiclose
 .text._close   0x00000de4       0x4c c:/nxp/s32ds.3.6.3/s32ds/build_tools/gcc_v10.2/gcc-10.2-arm32-eabi/bin/../lib/gcc/arm-none-eabi/10.2.0/../../../../arm-none-eabi/lib/thumb/v7e-m/nofp\librdimon.a(rdimon-syscalls.o)
                0x00000de4                _close
 .text._sbrk    0x00000e30       0x48 c:/nxp/s32ds.3.6.3/s32ds/build_tools/gcc_v10.2/gcc-10.2-arm32-eabi/bin/../lib/gcc/arm-none-eabi/10.2.0/../../../../arm-none-eabi/lib/thumb/v7e-m/nofp\librdimon.a(rdimon-syscalls.o)
                0x00000e30                _sbrk
 .text._swistat
                0x00000e78       0x42 c:/nxp/s32ds.3.6.3/s32ds/build_tools/gcc_v10.2/gcc-10.2-arm32-eabi/bin/../lib/gcc/arm-none-eabi/10.2.0/../../../../arm-none-eabi/lib/thumb/v7e-m/nofp\librdimon.a(rdimon-syscalls.o)
                0x00000e78                _swistat
 .text._stat    0x00000eba       0x3a c:/nxp/s32ds.3.6.3/s32ds/build_tools/gcc_v10.2/gcc-10.2-arm32-eabi/bin/../lib/gcc/arm-none-eabi/10.2.0/../../../../arm-none-eabi/lib/thumb/v7e-m/nofp\librdimon.a(rdimon-syscalls.o)
                0x00000eba                _stat
 .text._swiopen
                0x00000ef4       0xb4 c:/nxp/s32ds.3.6.3/s32ds/build_tools/gcc_v10.2/gcc-10.2-arm32-eabi/bin/../lib/gcc/arm-none-eabi/10.2.0/../../../../arm-none-eabi/lib/thumb/v7e-m/nofp\librdimon.a(rdimon-syscalls.o)
                0x00000ef4                _swiopen
 .text._get_semihosting_exts
                0x00000fa8       0xb8 c:/nxp/s32ds.3.6.3/s32ds/build_tools/gcc_v10.2/gcc-10.2-arm32-eabi/bin/../lib/gcc/arm-none-eabi/10.2.0/../../../../arm-none-eabi/lib/thumb/v7e-m/nofp\librdimon.a(rdimon-syscalls.o)
                0x00000fa8                _get_semihosting_exts
 .text.initialise_semihosting_exts
                0x00001060       0x34 c:/nxp/s32ds.3.6.3/s32ds/build_tools/gcc_v10.2/gcc-10.2-arm32-eabi/bin/../lib/gcc/arm-none-eabi/10.2.0/../../../../arm-none-eabi/lib/thumb/v7e-m/nofp\librdimon.a(rdimon-syscalls.o)
 .text._has_ext_exit_extended
                0x00001094       0x18 c:/nxp/s32ds.3.6.3/s32ds/build_tools/gcc_v10.2/gcc-10.2-arm32-eabi/bin/../lib/gcc/arm-none-eabi/10.2.0/../../../../arm-none-eabi/lib/thumb/v7e-m/nofp\librdimon.a(rdimon-syscalls.o)
                0x00001094                _has_ext_exit_extended
 .text._has_ext_stdout_stderr
                0x000010ac       0x18 c:/nxp/s32ds.3.6.3/s32ds/build_tools/gcc_v10.2/gcc-10.2-arm32-eabi/bin/../lib/gcc/arm-none-eabi/10.2.0/../../../../arm-none-eabi/lib/thumb/v7e-m/nofp\librdimon.a(rdimon-syscalls.o)
                0x000010ac                _has_ext_stdout_stderr
 .text.initialise_monitor_handles
                0x000010c4       0xc0 c:/nxp/s32ds.3.6.3/s32ds/build_tools/gcc_v10.2/gcc-10.2-arm32-eabi/bin/../lib/gcc/arm-none-eabi/10.2.0/../../../../arm-none-eabi/lib/thumb/v7e-m/nofp\librdimon.a(rdimon-syscalls.o)
                0x000010c4                initialise_monitor_handles
 .text._exit    0x00001184       0x14 c:/nxp/s32ds.3.6.3/s32ds/build_tools/gcc_v10.2/gcc-10.2-arm32-eabi/bin/../lib/gcc/arm-none-eabi/10.2.0/../../../../arm-none-eabi/lib/thumb/v7e-m/nofp\librdimon.a(rdimon-_exit.o)
                0x00001184                _exit
 .text._kill_shared
                0x00001198       0x26 c:/nxp/s32ds.3.6.3/s32ds/build_tools/gcc_v10.2/gcc-10.2-arm32-eabi/bin/../lib/gcc/arm-none-eabi/10.2.0/../../../../arm-none-eabi/lib/thumb/v7e-m/nofp\librdimon.a(rdimon-_kill.o)
                0x00001198                _kill_shared
 *fill*         0x000011be        0x2 
 .text.__errno  0x000011c0        0xc c:/nxp/s32ds.3.6.3/s32ds/build_tools/gcc_v10.2/gcc-10.2-arm32-eabi/bin/../lib/gcc/arm-none-eabi/10.2.0/../../../../arm-none-eabi/lib/thumb/v7e-m/nofp\libc.a(lib_a-errno.o)
                0x000011c0                __errno
 .text.std      0x000011cc       0x48 c:/nxp/s32ds.3.6.3/s32ds/build_tools/gcc_v10.2/gcc-10.2-arm32-eabi/bin/../lib/gcc/arm-none-eabi/10.2.0/../../../../arm-none-eabi/lib/thumb/v7e-m/nofp\libc.a(lib_a-findfp.o)
 .text._cleanup_r
                0x00001214        0xc c:/nxp/s32ds.3.6.3/s32ds/build_tools/gcc_v10.2/gcc-10.2-arm32-eabi/bin/../lib/gcc/arm-none-eabi/10.2.0/../../../../arm-none-eabi/lib/thumb/v7e-m/nofp\libc.a(lib_a-findfp.o)
                0x00001214                _cleanup_r
 .text.__sinit  0x00001220       0x44 c:/nxp/s32ds.3.6.3/s32ds/build_tools/gcc_v10.2/gcc-10.2-arm32-eabi/bin/../lib/gcc/arm-none-eabi/10.2.0/../../../../arm-none-eabi/lib/thumb/v7e-m/nofp\libc.a(lib_a-findfp.o)
                0x00001220                __sinit
 .text._fwalk_reent
                0x00001264       0x3e c:/nxp/s32ds.3.6.3/s32ds/build_tools/gcc_v10.2/gcc-10.2-arm32-eabi/bin/../lib/gcc/arm-none-eabi/10.2.0/../../../../arm-none-eabi/lib/thumb/v7e-m/nofp\libc.a(lib_a-fwalk.o)
                0x00001264                _fwalk_reent
 .text.__malloc_lock
                0x000012a2        0x2 c:/nxp/s32ds.3.6.3/s32ds/build_tools/gcc_v10.2/gcc-10.2-arm32-eabi/bin/../lib/gcc/arm-none-eabi/10.2.0/../../../../arm-none-eabi/lib/thumb/v7e-m/nofp\libc.a(lib_a-mlock.o)
                0x000012a2                __malloc_lock
 .text.__malloc_unlock
                0x000012a4        0x2 c:/nxp/s32ds.3.6.3/s32ds/build_tools/gcc_v10.2/gcc-10.2-arm32-eabi/bin/../lib/gcc/arm-none-eabi/10.2.0/../../../../arm-none-eabi/lib/thumb/v7e-m/nofp\libc.a(lib_a-mlock.o)
                0x000012a4                __malloc_unlock
 *fill*         0x000012a6        0x2 
 .text._sbrk_r  0x000012a8       0x20 c:/nxp/s32ds.3.6.3/s32ds/build_tools/gcc_v10.2/gcc-10.2-arm32-eabi/bin/../lib/gcc/arm-none-eabi/10.2.0/../../../../arm-none-eabi/lib/thumb/v7e-m/nofp\libc.a(lib_a-sbrkr.o)
                0x000012a8                _sbrk_r
 .text.__sread  0x000012c8       0x22 c:/nxp/s32ds.3.6.3/s32ds/build_tools/gcc_v10.2/gcc-10.2-arm32-eabi/bin/../lib/gcc/arm-none-eabi/10.2.0/../../../../arm-none-eabi/lib/thumb/v7e-m/nofp\libc.a(lib_a-stdio.o)
                0x000012c8                __sread
 .text.__swrite
                0x000012ea       0x38 c:/nxp/s32ds.3.6.3/s32ds/build_tools/gcc_v10.2/gcc-10.2-arm32-eabi/bin/../lib/gcc/arm-none-eabi/10.2.0/../../../../arm-none-eabi/lib/thumb/v7e-m/nofp\libc.a(lib_a-stdio.o)
                0x000012ea                __swrite
 .text.__sseek  0x00001322       0x24 c:/nxp/s32ds.3.6.3/s32ds/build_tools/gcc_v10.2/gcc-10.2-arm32-eabi/bin/../lib/gcc/arm-none-eabi/10.2.0/../../../../arm-none-eabi/lib/thumb/v7e-m/nofp\libc.a(lib_a-stdio.o)
                0x00001322                __sseek
 .text.__sclose
                0x00001346        0x8 c:/nxp/s32ds.3.6.3/s32ds/build_tools/gcc_v10.2/gcc-10.2-arm32-eabi/bin/../lib/gcc/arm-none-eabi/10.2.0/../../../../arm-none-eabi/lib/thumb/v7e-m/nofp\libc.a(lib_a-stdio.o)
                0x00001346                __sclose
 *fill*         0x0000134e        0x2 
 .text._write_r
                0x00001350       0x24 c:/nxp/s32ds.3.6.3/s32ds/build_tools/gcc_v10.2/gcc-10.2-arm32-eabi/bin/../lib/gcc/arm-none-eabi/10.2.0/../../../../arm-none-eabi/lib/thumb/v7e-m/nofp\libc.a(lib_a-writer.o)
                0x00001350                _write_r
 .text._close_r
                0x00001374       0x20 c:/nxp/s32ds.3.6.3/s32ds/build_tools/gcc_v10.2/gcc-10.2-arm32-eabi/bin/../lib/gcc/arm-none-eabi/10.2.0/../../../../arm-none-eabi/lib/thumb/v7e-m/nofp\libc.a(lib_a-closer.o)
                0x00001374                _close_r
 .text._fclose_r
                0x00001394       0x74 c:/nxp/s32ds.3.6.3/s32ds/build_tools/gcc_v10.2/gcc-10.2-arm32-eabi/bin/../lib/gcc/arm-none-eabi/10.2.0/../../../../arm-none-eabi/lib/thumb/v7e-m/nofp\libc.a(lib_a-fclose.o)
                0x00001394                _fclose_r
 .text.__sflush_r
                0x00001408      0x114 c:/nxp/s32ds.3.6.3/s32ds/build_tools/gcc_v10.2/gcc-10.2-arm32-eabi/bin/../lib/gcc/arm-none-eabi/10.2.0/../../../../arm-none-eabi/lib/thumb/v7e-m/nofp\libc.a(lib_a-fflush.o)
                0x00001408                __sflush_r
 .text._malloc_trim_r
                0x0000151c       0xa0 c:/nxp/s32ds.3.6.3/s32ds/build_tools/gcc_v10.2/gcc-10.2-arm32-eabi/bin/../lib/gcc/arm-none-eabi/10.2.0/../../../../arm-none-eabi/lib/thumb/v7e-m/nofp\libc.a(lib_a-freer.o)
                0x0000151c                _malloc_trim_r
 .text._free_r  0x000015bc      0x180 c:/nxp/s32ds.3.6.3/s32ds/build_tools/gcc_v10.2/gcc-10.2-arm32-eabi/bin/../lib/gcc/arm-none-eabi/10.2.0/../../../../arm-none-eabi/lib/thumb/v7e-m/nofp\libc.a(lib_a-freer.o)
                0x000015bc                _free_r
 .text._lseek_r
                0x0000173c       0x24 c:/nxp/s32ds.3.6.3/s32ds/build_tools/gcc_v10.2/gcc-10.2-arm32-eabi/bin/../lib/gcc/arm-none-eabi/10.2.0/../../../../arm-none-eabi/lib/thumb/v7e-m/nofp\libc.a(lib_a-lseekr.o)
                0x0000173c                _lseek_r
 .text._read_r  0x00001760       0x24 c:/nxp/s32ds.3.6.3/s32ds/build_tools/gcc_v10.2/gcc-10.2-arm32-eabi/bin/../lib/gcc/arm-none-eabi/10.2.0/../../../../arm-none-eabi/lib/thumb/v7e-m/nofp\libc.a(lib_a-readr.o)
                0x00001760                _read_r
 *(.rodata)
 *(.rodata*)
 .rodata._global_impure_ptr
                0x00001784        0x4 c:/nxp/s32ds.3.6.3/s32ds/build_tools/gcc_v10.2/gcc-10.2-arm32-eabi/bin/../lib/gcc/arm-none-eabi/10.2.0/../../../../arm-none-eabi/lib/thumb/v7e-m/nofp\libc.a(lib_a-impure.o)
                0x00001784                _global_impure_ptr
 .rodata._get_semihosting_exts.str1.1
                0x00001788       0x16 c:/nxp/s32ds.3.6.3/s32ds/build_tools/gcc_v10.2/gcc-10.2-arm32-eabi/bin/../lib/gcc/arm-none-eabi/10.2.0/../../../../arm-none-eabi/lib/thumb/v7e-m/nofp\librdimon.a(rdimon-syscalls.o)
 .rodata.initialise_monitor_handles.str1.1
                0x0000179e        0x4 c:/nxp/s32ds.3.6.3/s32ds/build_tools/gcc_v10.2/gcc-10.2-arm32-eabi/bin/../lib/gcc/arm-none-eabi/10.2.0/../../../../arm-none-eabi/lib/thumb/v7e-m/nofp\librdimon.a(rdimon-syscalls.o)
 *(.glue_7)
 .glue_7        0x000017a2        0x0 linker stubs
 *(.glue_7t)
 .glue_7t       0x000017a2        0x0 linker stubs
 *(.eh_frame)
 *fill*         0x000017a2        0x2 
 .eh_frame      0x000017a4        0x0 c:/nxp/s32ds.3.6.3/s32ds/build_tools/gcc_v10.2/gcc-10.2-arm32-eabi/bin/../lib/gcc/arm-none-eabi/10.2.0/thumb/v7e-m/nofp/crtbegin.o
 *(.init)
 .init          0x000017a4        0x4 c:/nxp/s32ds.3.6.3/s32ds/build_tools/gcc_v10.2/gcc-10.2-arm32-eabi/bin/../lib/gcc/arm-none-eabi/10.2.0/thumb/v7e-m/nofp/crti.o
                0x000017a4                _init
 .init          0x000017a8        0x8 c:/nxp/s32ds.3.6.3/s32ds/build_tools/gcc_v10.2/gcc-10.2-arm32-eabi/bin/../lib/gcc/arm-none-eabi/10.2.0/thumb/v7e-m/nofp/crtn.o
 *(.fini)
 .fini          0x000017b0        0x4 c:/nxp/s32ds.3.6.3/s32ds/build_tools/gcc_v10.2/gcc-10.2-arm32-eabi/bin/../lib/gcc/arm-none-eabi/10.2.0/thumb/v7e-m/nofp/crti.o
                0x000017b0                _fini
 .fini          0x000017b4        0x8 c:/nxp/s32ds.3.6.3/s32ds/build_tools/gcc_v10.2/gcc-10.2-arm32-eabi/bin/../lib/gcc/arm-none-eabi/10.2.0/thumb/v7e-m/nofp/crtn.o
                0x000017bc                . = ALIGN (0x4)

.vfp11_veneer   0x000017bc        0x0
 .vfp11_veneer  0x000017bc        0x0 linker stubs

.v4_bx          0x000017bc        0x0
 .v4_bx         0x000017bc        0x0 linker stubs

.iplt           0x000017bc        0x0
 .iplt          0x000017bc        0x0 c:/nxp/s32ds.3.6.3/s32ds/build_tools/gcc_v10.2/gcc-10.2-arm32-eabi/bin/../lib/gcc/arm-none-eabi/10.2.0/thumb/v7e-m/nofp/crtbegin.o

.ARM.extab
 *(.ARM.extab* .gnu.linkonce.armextab.*)

.ARM            0x000017bc        0x8
                0x000017bc                __exidx_start = .
 *(.ARM.exidx*)
 .ARM.exidx     0x000017bc        0x8 c:/nxp/s32ds.3.6.3/s32ds/build_tools/gcc_v10.2/gcc-10.2-arm32-eabi/bin/../lib/gcc/arm-none-eabi/10.2.0/../../../../arm-none-eabi/lib/thumb/v7e-m/nofp/rdimon-crt0.o
                                 0x10 (size before relaxing)
                0x000017c4                __exidx_end = .

.rel.dyn        0x000017c4        0x0
 .rel.iplt      0x000017c4        0x0 c:/nxp/s32ds.3.6.3/s32ds/build_tools/gcc_v10.2/gcc-10.2-arm32-eabi/bin/../lib/gcc/arm-none-eabi/10.2.0/thumb/v7e-m/nofp/crtbegin.o

.ctors          0x000017c4        0x0
                0x000017c4                __CTOR_LIST__ = .
 *crtbegin.o(.ctors)
 *crtbegin?.o(.ctors)
 *(EXCLUDE_FILE(*crtend.o *crtend?.o) .ctors)
 *(SORT_BY_NAME(.ctors.*))
 *(.ctors)
                0x000017c4                __CTOR_END__ = .

.dtors          0x000017c4        0x0
                0x000017c4                __DTOR_LIST__ = .
 *crtbegin.o(.dtors)
 *crtbegin?.o(.dtors)
 *(EXCLUDE_FILE(*crtend.o *crtend?.o) .dtors)
 *(SORT_BY_NAME(.dtors.*))
 *(.dtors)
                0x000017c4                __DTOR_END__ = .

.preinit_array  0x000017c4        0x0
                0x000017c4                PROVIDE (__preinit_array_start = .)
 *(.preinit_array*)
                0x000017c4                PROVIDE (__preinit_array_end = .)

.init_array     0x000017c4        0x8
                0x000017c4                PROVIDE (__init_array_start = .)
 *(SORT_BY_NAME(.init_array.*))
 .init_array.00000
                0x000017c4        0x4 c:/nxp/s32ds.3.6.3/s32ds/build_tools/gcc_v10.2/gcc-10.2-arm32-eabi/bin/../lib/gcc/arm-none-eabi/10.2.0/../../../../arm-none-eabi/lib/thumb/v7e-m/nofp\libc.a(lib_a-__call_atexit.o)
 *(.init_array*)
 .init_array    0x000017c8        0x4 c:/nxp/s32ds.3.6.3/s32ds/build_tools/gcc_v10.2/gcc-10.2-arm32-eabi/bin/../lib/gcc/arm-none-eabi/10.2.0/thumb/v7e-m/nofp/crtbegin.o
                0x000017cc                PROVIDE (__init_array_end = .)

.fini_array     0x000017cc        0x4
                0x000017cc                PROVIDE (__fini_array_start = .)
 *(SORT_BY_NAME(.fini_array.*))
 *(.fini_array*)
 .fini_array    0x000017cc        0x4 c:/nxp/s32ds.3.6.3/s32ds/build_tools/gcc_v10.2/gcc-10.2-arm32-eabi/bin/../lib/gcc/arm-none-eabi/10.2.0/thumb/v7e-m/nofp/crtbegin.o
                0x000017d0                PROVIDE (__fini_array_end = .)
                0x000017d0                __etext = .
                0x000017d0                __DATA_ROM = .

.interrupts_ram
                0x1fff8000      0x400
                0x1fff8000                . = ALIGN (0x4)
                0x1fff8000                __VECTOR_RAM__ = .
                0x1fff8000                __RAM_START = .
                0x1fff8000                __interrupts_ram_start__ = .
 *(.m_interrupts_ram)
                0x1fff8400                . = (. + M_VECTOR_RAM_SIZE)
 *fill*         0x1fff8000      0x400 
                0x1fff8400                . = ALIGN (0x4)
                0x1fff8400                __interrupts_ram_end__ = .
                0x1fff8000                __VECTOR_RAM = DEFINED (__flash_vector_table__)?ORIGIN (m_interrupts):__VECTOR_RAM__
                0x00000400                __RAM_VECTOR_TABLE_SIZE = DEFINED (__flash_vector_table__)?0x0:(__interrupts_ram_end__ - __interrupts_ram_start__)

.data           0x1fff8400      0x954 load address 0x000017d0
                0x1fff8400                . = ALIGN (0x4)
                0x1fff8400                __DATA_RAM = .
                0x1fff8400                __data_start__ = .
 *(.data)
 .data          0x1fff8400      0x118 c:/nxp/s32ds.3.6.3/s32ds/build_tools/gcc_v10.2/gcc-10.2-arm32-eabi/bin/../lib/gcc/arm-none-eabi/10.2.0/../../../../arm-none-eabi/lib/thumb/v7e-m/nofp/rdimon-crt0.o
                0x1fff8408                __stack_base__
 *(.data*)
 .data._impure_ptr
                0x1fff8518        0x4 c:/nxp/s32ds.3.6.3/s32ds/build_tools/gcc_v10.2/gcc-10.2-arm32-eabi/bin/../lib/gcc/arm-none-eabi/10.2.0/../../../../arm-none-eabi/lib/thumb/v7e-m/nofp\libc.a(lib_a-impure.o)
                0x1fff8518                _impure_ptr
 *fill*         0x1fff851c        0x4 
 .data.impure_data
                0x1fff8520      0x418 c:/nxp/s32ds.3.6.3/s32ds/build_tools/gcc_v10.2/gcc-10.2-arm32-eabi/bin/../lib/gcc/arm-none-eabi/10.2.0/../../../../arm-none-eabi/lib/thumb/v7e-m/nofp\libc.a(lib_a-impure.o)
 .data.__heap_limit
                0x1fff8938        0x4 c:/nxp/s32ds.3.6.3/s32ds/build_tools/gcc_v10.2/gcc-10.2-arm32-eabi/bin/../lib/gcc/arm-none-eabi/10.2.0/../../../../arm-none-eabi/lib/thumb/v7e-m/nofp\librdimon.a(rdimon-syscalls.o)
 .data.supports_ext_exit_extended
                0x1fff893c        0x4 c:/nxp/s32ds.3.6.3/s32ds/build_tools/gcc_v10.2/gcc-10.2-arm32-eabi/bin/../lib/gcc/arm-none-eabi/10.2.0/../../../../arm-none-eabi/lib/thumb/v7e-m/nofp\librdimon.a(rdimon-syscalls.o)
 .data.supports_ext_stdout_stderr
                0x1fff8940        0x4 c:/nxp/s32ds.3.6.3/s32ds/build_tools/gcc_v10.2/gcc-10.2-arm32-eabi/bin/../lib/gcc/arm-none-eabi/10.2.0/../../../../arm-none-eabi/lib/thumb/v7e-m/nofp\librdimon.a(rdimon-syscalls.o)
 .data.__malloc_av_
                0x1fff8944      0x408 c:/nxp/s32ds.3.6.3/s32ds/build_tools/gcc_v10.2/gcc-10.2-arm32-eabi/bin/../lib/gcc/arm-none-eabi/10.2.0/../../../../arm-none-eabi/lib/thumb/v7e-m/nofp\libc.a(lib_a-mallocr.o)
                0x1fff8944                __malloc_av_
 .data.__malloc_sbrk_base
                0x1fff8d4c        0x4 c:/nxp/s32ds.3.6.3/s32ds/build_tools/gcc_v10.2/gcc-10.2-arm32-eabi/bin/../lib/gcc/arm-none-eabi/10.2.0/../../../../arm-none-eabi/lib/thumb/v7e-m/nofp\libc.a(lib_a-mallocr.o)
                0x1fff8d4c                __malloc_sbrk_base
 .data.__malloc_trim_threshold
                0x1fff8d50        0x4 c:/nxp/s32ds.3.6.3/s32ds/build_tools/gcc_v10.2/gcc-10.2-arm32-eabi/bin/../lib/gcc/arm-none-eabi/10.2.0/../../../../arm-none-eabi/lib/thumb/v7e-m/nofp\libc.a(lib_a-mallocr.o)
                0x1fff8d50                __malloc_trim_threshold
 *(.jcr*)
                0x1fff8d54                . = ALIGN (0x4)
                0x1fff8d54                __data_end__ = .
                0x00002124                __DATA_END = (__DATA_ROM + (__data_end__ - __data_start__))
                0x00002124                __CODE_ROM = __DATA_END

.tm_clone_table
                0x1fff8d54        0x0 load address 0x00002124
 .tm_clone_table
                0x1fff8d54        0x0 c:/nxp/s32ds.3.6.3/s32ds/build_tools/gcc_v10.2/gcc-10.2-arm32-eabi/bin/../lib/gcc/arm-none-eabi/10.2.0/thumb/v7e-m/nofp/crtbegin.o
 .tm_clone_table
                0x1fff8d54        0x0 c:/nxp/s32ds.3.6.3/s32ds/build_tools/gcc_v10.2/gcc-10.2-arm32-eabi/bin/../lib/gcc/arm-none-eabi/10.2.0/thumb/v7e-m/nofp/crtend.o

.igot.plt       0x1fff8d54        0x0 load address 0x00002124
 .igot.plt      0x1fff8d54        0x0 c:/nxp/s32ds.3.6.3/s32ds/build_tools/gcc_v10.2/gcc-10.2-arm32-eabi/bin/../lib/gcc/arm-none-eabi/10.2.0/thumb/v7e-m/nofp/crtbegin.o

.code           0x1fff8d54        0x0 load address 0x00002124
                0x1fff8d54                . = ALIGN (0x4)
                0x1fff8d54                __CODE_RAM = .
                0x1fff8d54                __code_start__ = .
                0x1fff8d54                __code_ram_start__ = .
 *(.code_ram)
                0x1fff8d54                . = ALIGN (0x4)
                0x1fff8d54                __code_end__ = .
                0x1fff8d54                __code_ram_end__ = .
                0x00002124                __CODE_END = (__CODE_ROM + (__code_end__ - __code_start__))
                0x00002124                __CUSTOM_ROM = __CODE_END

.customSectionBlock
                0x20000000        0x0 load address 0x00002124
                0x20000000                __customSection_start__ = .
 *(.customSection)
                0x20000000                __customSection_end__ = .
                0x00002124                __CUSTOM_END = (__CUSTOM_ROM + (__customSection_end__ - __customSection_start__))

.bss            0x20000000      0x17c
                0x20000000                . = ALIGN (0x4)
                0x20000000                __BSS_START = .
                0x20000000                __bss_start__ = .
 *(.bss)
 .bss           0x20000000       0x1c c:/nxp/s32ds.3.6.3/s32ds/build_tools/gcc_v10.2/gcc-10.2-arm32-eabi/bin/../lib/gcc/arm-none-eabi/10.2.0/thumb/v7e-m/nofp/crtbegin.o
 *(.bss*)
 .bss.portC_callbacks
                0x2000001c       0x80 ./src/driver/Port.o
 .bss.heap_end.0
                0x2000009c        0x4 c:/nxp/s32ds.3.6.3/s32ds/build_tools/gcc_v10.2/gcc-10.2-arm32-eabi/bin/../lib/gcc/arm-none-eabi/10.2.0/../../../../arm-none-eabi/lib/thumb/v7e-m/nofp\librdimon.a(rdimon-syscalls.o)
 .bss.monitor_stderr
                0x200000a0        0x4 c:/nxp/s32ds.3.6.3/s32ds/build_tools/gcc_v10.2/gcc-10.2-arm32-eabi/bin/../lib/gcc/arm-none-eabi/10.2.0/../../../../arm-none-eabi/lib/thumb/v7e-m/nofp\librdimon.a(rdimon-syscalls.o)
 .bss.monitor_stdin
                0x200000a4        0x4 c:/nxp/s32ds.3.6.3/s32ds/build_tools/gcc_v10.2/gcc-10.2-arm32-eabi/bin/../lib/gcc/arm-none-eabi/10.2.0/../../../../arm-none-eabi/lib/thumb/v7e-m/nofp\librdimon.a(rdimon-syscalls.o)
 .bss.monitor_stdout
                0x200000a8        0x4 c:/nxp/s32ds.3.6.3/s32ds/build_tools/gcc_v10.2/gcc-10.2-arm32-eabi/bin/../lib/gcc/arm-none-eabi/10.2.0/../../../../arm-none-eabi/lib/thumb/v7e-m/nofp\librdimon.a(rdimon-syscalls.o)
 .bss.openfiles
                0x200000ac       0xa0 c:/nxp/s32ds.3.6.3/s32ds/build_tools/gcc_v10.2/gcc-10.2-arm32-eabi/bin/../lib/gcc/arm-none-eabi/10.2.0/../../../../arm-none-eabi/lib/thumb/v7e-m/nofp\librdimon.a(rdimon-syscalls.o)
 .bss.__malloc_current_mallinfo
                0x2000014c       0x28 c:/nxp/s32ds.3.6.3/s32ds/build_tools/gcc_v10.2/gcc-10.2-arm32-eabi/bin/../lib/gcc/arm-none-eabi/10.2.0/../../../../arm-none-eabi/lib/thumb/v7e-m/nofp\libc.a(lib_a-mallocr.o)
                0x2000014c                __malloc_current_mallinfo
 .bss.__malloc_top_pad
                0x20000174        0x4 c:/nxp/s32ds.3.6.3/s32ds/build_tools/gcc_v10.2/gcc-10.2-arm32-eabi/bin/../lib/gcc/arm-none-eabi/10.2.0/../../../../arm-none-eabi/lib/thumb/v7e-m/nofp\libc.a(lib_a-mallocr.o)
                0x20000174                __malloc_top_pad
 .bss.errno     0x20000178        0x4 c:/nxp/s32ds.3.6.3/s32ds/build_tools/gcc_v10.2/gcc-10.2-arm32-eabi/bin/../lib/gcc/arm-none-eabi/10.2.0/../../../../arm-none-eabi/lib/thumb/v7e-m/nofp\libc.a(lib_a-reent.o)
                0x20000178                errno
 *(COMMON)
                0x2000017c                . = ALIGN (0x4)
                0x2000017c                __bss_end__ = .
                0x2000017c                __BSS_END = .

.heap           0x2000017c      0x404
                0x20000180                . = ALIGN (0x8)
 *fill*         0x2000017c        0x4 
                0x20000180                __end__ = .
                0x20000180                __heap_start__ = .
                0x20000180                PROVIDE (end = .)
                [!provide]                PROVIDE (_end = .)
                [!provide]                PROVIDE (__end = .)
                0x20000180                __HeapBase = .
                0x20000580                . = (. + HEAP_SIZE)
 *fill*         0x20000180      0x400 
                0x20000580                __HeapLimit = .
                0x20000580                __heap_limit = .
                0x20000580                __heap_end__ = .
                0x20007000                __StackTop = (ORIGIN (m_data_2) + LENGTH (m_data_2))
                0x20006c00                __StackLimit = (__StackTop - STACK_SIZE)
                0x20007000                PROVIDE (__stack = __StackTop)
                0x20007000                __RAM_END = __StackTop

.stack          0x20006c00      0x400
                0x20006c00                . = ALIGN (0x8)
                0x20006c00                __stack_start__ = .
                0x20007000                . = (. + STACK_SIZE)
 *fill*         0x20006c00      0x400 
                0x20007000                __stack_end__ = .
                0x20000000                __START_BSS = __BSS_START
                0x2000017c                __END_BSS = __BSS_END
                0x20007000                __SP_INIT = __StackTop

.ARM.attributes
                0x00000000       0x2a
 *(.ARM.attributes)
 .ARM.attributes
                0x00000000       0x1e c:/nxp/s32ds.3.6.3/s32ds/build_tools/gcc_v10.2/gcc-10.2-arm32-eabi/bin/../lib/gcc/arm-none-eabi/10.2.0/thumb/v7e-m/nofp/crti.o
 .ARM.attributes
                0x0000001e       0x2e c:/nxp/s32ds.3.6.3/s32ds/build_tools/gcc_v10.2/gcc-10.2-arm32-eabi/bin/../lib/gcc/arm-none-eabi/10.2.0/thumb/v7e-m/nofp/crtbegin.o
 .ARM.attributes
                0x0000004c       0x1c c:/nxp/s32ds.3.6.3/s32ds/build_tools/gcc_v10.2/gcc-10.2-arm32-eabi/bin/../lib/gcc/arm-none-eabi/10.2.0/../../../../arm-none-eabi/lib/thumb/v7e-m/nofp/rdimon-crt0.o
 .ARM.attributes
                0x00000068       0x2e ./Project_Settings/Startup_Code/startup.o
 .ARM.attributes
                0x00000096       0x1b ./Project_Settings/Startup_Code/startup_S32K144.o
 .ARM.attributes
                0x000000b1       0x2e ./Project_Settings/Startup_Code/system_S32K144.o
 .ARM.attributes
                0x000000df       0x2e ./src/driver/GPIO.o
 .ARM.attributes
                0x0000010d       0x2e ./src/driver/Port.o
 .ARM.attributes
                0x0000013b       0x2e ./src/main.o
 .ARM.attributes
                0x00000169       0x2e c:/nxp/s32ds.3.6.3/s32ds/build_tools/gcc_v10.2/gcc-10.2-arm32-eabi/bin/../lib/gcc/arm-none-eabi/10.2.0/../../../../arm-none-eabi/lib/thumb/v7e-m/nofp\libc.a(lib_a-exit.o)
 .ARM.attributes
                0x00000197       0x2e c:/nxp/s32ds.3.6.3/s32ds/build_tools/gcc_v10.2/gcc-10.2-arm32-eabi/bin/../lib/gcc/arm-none-eabi/10.2.0/../../../../arm-none-eabi/lib/thumb/v7e-m/nofp\libc.a(lib_a-impure.o)
 .ARM.attributes
                0x000001c5       0x2e c:/nxp/s32ds.3.6.3/s32ds/build_tools/gcc_v10.2/gcc-10.2-arm32-eabi/bin/../lib/gcc/arm-none-eabi/10.2.0/../../../../arm-none-eabi/lib/thumb/v7e-m/nofp\libc.a(lib_a-init.o)
 .ARM.attributes
                0x000001f3       0x2e c:/nxp/s32ds.3.6.3/s32ds/build_tools/gcc_v10.2/gcc-10.2-arm32-eabi/bin/../lib/gcc/arm-none-eabi/10.2.0/../../../../arm-none-eabi/lib/thumb/v7e-m/nofp\libc.a(lib_a-memset.o)
 .ARM.attributes
                0x00000221       0x2e c:/nxp/s32ds.3.6.3/s32ds/build_tools/gcc_v10.2/gcc-10.2-arm32-eabi/bin/../lib/gcc/arm-none-eabi/10.2.0/../../../../arm-none-eabi/lib/thumb/v7e-m/nofp\libc.a(lib_a-__call_atexit.o)
 .ARM.attributes
                0x0000024f       0x2e c:/nxp/s32ds.3.6.3/s32ds/build_tools/gcc_v10.2/gcc-10.2-arm32-eabi/bin/../lib/gcc/arm-none-eabi/10.2.0/../../../../arm-none-eabi/lib/thumb/v7e-m/nofp\libc.a(lib_a-fini.o)
 .ARM.attributes
                0x0000027d       0x2e c:/nxp/s32ds.3.6.3/s32ds/build_tools/gcc_v10.2/gcc-10.2-arm32-eabi/bin/../lib/gcc/arm-none-eabi/10.2.0/../../../../arm-none-eabi/lib/thumb/v7e-m/nofp\libc.a(lib_a-atexit.o)
 .ARM.attributes
                0x000002ab       0x2e c:/nxp/s32ds.3.6.3/s32ds/build_tools/gcc_v10.2/gcc-10.2-arm32-eabi/bin/../lib/gcc/arm-none-eabi/10.2.0/../../../../arm-none-eabi/lib/thumb/v7e-m/nofp\libc.a(lib_a-__atexit.o)
 .ARM.attributes
                0x000002d9       0x2e c:/nxp/s32ds.3.6.3/s32ds/build_tools/gcc_v10.2/gcc-10.2-arm32-eabi/bin/../lib/gcc/arm-none-eabi/10.2.0/../../../../arm-none-eabi/lib/thumb/v7e-m/nofp\librdimon.a(rdimon-syscalls.o)
 .ARM.attributes
                0x00000307       0x2e c:/nxp/s32ds.3.6.3/s32ds/build_tools/gcc_v10.2/gcc-10.2-arm32-eabi/bin/../lib/gcc/arm-none-eabi/10.2.0/../../../../arm-none-eabi/lib/thumb/v7e-m/nofp\librdimon.a(rdimon-_exit.o)
 .ARM.attributes
                0x00000335       0x2e c:/nxp/s32ds.3.6.3/s32ds/build_tools/gcc_v10.2/gcc-10.2-arm32-eabi/bin/../lib/gcc/arm-none-eabi/10.2.0/../../../../arm-none-eabi/lib/thumb/v7e-m/nofp\librdimon.a(rdimon-_kill.o)
 .ARM.attributes
                0x00000363       0x2e c:/nxp/s32ds.3.6.3/s32ds/build_tools/gcc_v10.2/gcc-10.2-arm32-eabi/bin/../lib/gcc/arm-none-eabi/10.2.0/../../../../arm-none-eabi/lib/thumb/v7e-m/nofp\libc.a(lib_a-errno.o)
 .ARM.attributes
                0x00000391       0x2e c:/nxp/s32ds.3.6.3/s32ds/build_tools/gcc_v10.2/gcc-10.2-arm32-eabi/bin/../lib/gcc/arm-none-eabi/10.2.0/../../../../arm-none-eabi/lib/thumb/v7e-m/nofp\libc.a(lib_a-findfp.o)
 .ARM.attributes
                0x000003bf       0x2e c:/nxp/s32ds.3.6.3/s32ds/build_tools/gcc_v10.2/gcc-10.2-arm32-eabi/bin/../lib/gcc/arm-none-eabi/10.2.0/../../../../arm-none-eabi/lib/thumb/v7e-m/nofp\libc.a(lib_a-fwalk.o)
 .ARM.attributes
                0x000003ed       0x2e c:/nxp/s32ds.3.6.3/s32ds/build_tools/gcc_v10.2/gcc-10.2-arm32-eabi/bin/../lib/gcc/arm-none-eabi/10.2.0/../../../../arm-none-eabi/lib/thumb/v7e-m/nofp\libc.a(lib_a-mallocr.o)
 .ARM.attributes
                0x0000041b       0x2e c:/nxp/s32ds.3.6.3/s32ds/build_tools/gcc_v10.2/gcc-10.2-arm32-eabi/bin/../lib/gcc/arm-none-eabi/10.2.0/../../../../arm-none-eabi/lib/thumb/v7e-m/nofp\libc.a(lib_a-mlock.o)
 .ARM.attributes
                0x00000449       0x2e c:/nxp/s32ds.3.6.3/s32ds/build_tools/gcc_v10.2/gcc-10.2-arm32-eabi/bin/../lib/gcc/arm-none-eabi/10.2.0/../../../../arm-none-eabi/lib/thumb/v7e-m/nofp\libc.a(lib_a-sbrkr.o)
 .ARM.attributes
                0x00000477       0x2e c:/nxp/s32ds.3.6.3/s32ds/build_tools/gcc_v10.2/gcc-10.2-arm32-eabi/bin/../lib/gcc/arm-none-eabi/10.2.0/../../../../arm-none-eabi/lib/thumb/v7e-m/nofp\libc.a(lib_a-stdio.o)
 .ARM.attributes
                0x000004a5       0x17 c:/nxp/s32ds.3.6.3/s32ds/build_tools/gcc_v10.2/gcc-10.2-arm32-eabi/bin/../lib/gcc/arm-none-eabi/10.2.0/../../../../arm-none-eabi/lib/thumb/v7e-m/nofp\libc.a(lib_a-strlen.o)
 .ARM.attributes
                0x000004bc       0x2e c:/nxp/s32ds.3.6.3/s32ds/build_tools/gcc_v10.2/gcc-10.2-arm32-eabi/bin/../lib/gcc/arm-none-eabi/10.2.0/../../../../arm-none-eabi/lib/thumb/v7e-m/nofp\libc.a(lib_a-writer.o)
 .ARM.attributes
                0x000004ea       0x2e c:/nxp/s32ds.3.6.3/s32ds/build_tools/gcc_v10.2/gcc-10.2-arm32-eabi/bin/../lib/gcc/arm-none-eabi/10.2.0/../../../../arm-none-eabi/lib/thumb/v7e-m/nofp\libc.a(lib_a-closer.o)
 .ARM.attributes
                0x00000518       0x2e c:/nxp/s32ds.3.6.3/s32ds/build_tools/gcc_v10.2/gcc-10.2-arm32-eabi/bin/../lib/gcc/arm-none-eabi/10.2.0/../../../../arm-none-eabi/lib/thumb/v7e-m/nofp\libc.a(lib_a-fclose.o)
 .ARM.attributes
                0x00000546       0x2e c:/nxp/s32ds.3.6.3/s32ds/build_tools/gcc_v10.2/gcc-10.2-arm32-eabi/bin/../lib/gcc/arm-none-eabi/10.2.0/../../../../arm-none-eabi/lib/thumb/v7e-m/nofp\libc.a(lib_a-fflush.o)
 .ARM.attributes
                0x00000574       0x2e c:/nxp/s32ds.3.6.3/s32ds/build_tools/gcc_v10.2/gcc-10.2-arm32-eabi/bin/../lib/gcc/arm-none-eabi/10.2.0/../../../../arm-none-eabi/lib/thumb/v7e-m/nofp\libc.a(lib_a-freer.o)
 .ARM.attributes
                0x000005a2       0x2e c:/nxp/s32ds.3.6.3/s32ds/build_tools/gcc_v10.2/gcc-10.2-arm32-eabi/bin/../lib/gcc/arm-none-eabi/10.2.0/../../../../arm-none-eabi/lib/thumb/v7e-m/nofp\libc.a(lib_a-lseekr.o)
 .ARM.attributes
                0x000005d0       0x2e c:/nxp/s32ds.3.6.3/s32ds/build_tools/gcc_v10.2/gcc-10.2-arm32-eabi/bin/../lib/gcc/arm-none-eabi/10.2.0/../../../../arm-none-eabi/lib/thumb/v7e-m/nofp\libc.a(lib_a-readr.o)
 .ARM.attributes
                0x000005fe       0x2e c:/nxp/s32ds.3.6.3/s32ds/build_tools/gcc_v10.2/gcc-10.2-arm32-eabi/bin/../lib/gcc/arm-none-eabi/10.2.0/../../../../arm-none-eabi/lib/thumb/v7e-m/nofp\libc.a(lib_a-reent.o)
 .ARM.attributes
                0x0000062c       0x2e c:/nxp/s32ds.3.6.3/s32ds/build_tools/gcc_v10.2/gcc-10.2-arm32-eabi/bin/../lib/gcc/arm-none-eabi/10.2.0/thumb/v7e-m/nofp/crtend.o
 .ARM.attributes
                0x0000065a       0x1e c:/nxp/s32ds.3.6.3/s32ds/build_tools/gcc_v10.2/gcc-10.2-arm32-eabi/bin/../lib/gcc/arm-none-eabi/10.2.0/thumb/v7e-m/nofp/crtn.o
                0x00000001                ASSERT ((__StackLimit >= __HeapLimit), region m_data_2 overflowed with stack and heap)
OUTPUT(Toggle_LED.elf elf32-littlearm)
LOAD linker stubs

.comment        0x00000000       0x88
 .comment       0x00000000       0x88 c:/nxp/s32ds.3.6.3/s32ds/build_tools/gcc_v10.2/gcc-10.2-arm32-eabi/bin/../lib/gcc/arm-none-eabi/10.2.0/thumb/v7e-m/nofp/crtbegin.o
                                 0x89 (size before relaxing)
 .comment       0x00000088       0x89 ./Project_Settings/Startup_Code/startup.o
 .comment       0x00000088       0x89 ./Project_Settings/Startup_Code/system_S32K144.o
 .comment       0x00000088       0x89 ./src/driver/GPIO.o
 .comment       0x00000088       0x89 ./src/driver/Port.o
 .comment       0x00000088       0x89 ./src/main.o
 .comment       0x00000088       0x89 c:/nxp/s32ds.3.6.3/s32ds/build_tools/gcc_v10.2/gcc-10.2-arm32-eabi/bin/../lib/gcc/arm-none-eabi/10.2.0/../../../../arm-none-eabi/lib/thumb/v7e-m/nofp\libc.a(lib_a-exit.o)
 .comment       0x00000088       0x89 c:/nxp/s32ds.3.6.3/s32ds/build_tools/gcc_v10.2/gcc-10.2-arm32-eabi/bin/../lib/gcc/arm-none-eabi/10.2.0/../../../../arm-none-eabi/lib/thumb/v7e-m/nofp\libc.a(lib_a-impure.o)
 .comment       0x00000088       0x89 c:/nxp/s32ds.3.6.3/s32ds/build_tools/gcc_v10.2/gcc-10.2-arm32-eabi/bin/../lib/gcc/arm-none-eabi/10.2.0/../../../../arm-none-eabi/lib/thumb/v7e-m/nofp\libc.a(lib_a-init.o)
 .comment       0x00000088       0x89 c:/nxp/s32ds.3.6.3/s32ds/build_tools/gcc_v10.2/gcc-10.2-arm32-eabi/bin/../lib/gcc/arm-none-eabi/10.2.0/../../../../arm-none-eabi/lib/thumb/v7e-m/nofp\libc.a(lib_a-memset.o)
 .comment       0x00000088       0x89 c:/nxp/s32ds.3.6.3/s32ds/build_tools/gcc_v10.2/gcc-10.2-arm32-eabi/bin/../lib/gcc/arm-none-eabi/10.2.0/../../../../arm-none-eabi/lib/thumb/v7e-m/nofp\libc.a(lib_a-__call_atexit.o)
 .comment       0x00000088       0x89 c:/nxp/s32ds.3.6.3/s32ds/build_tools/gcc_v10.2/gcc-10.2-arm32-eabi/bin/../lib/gcc/arm-none-eabi/10.2.0/../../../../arm-none-eabi/lib/thumb/v7e-m/nofp\libc.a(lib_a-fini.o)
 .comment       0x00000088       0x89 c:/nxp/s32ds.3.6.3/s32ds/build_tools/gcc_v10.2/gcc-10.2-arm32-eabi/bin/../lib/gcc/arm-none-eabi/10.2.0/../../../../arm-none-eabi/lib/thumb/v7e-m/nofp\libc.a(lib_a-atexit.o)
 .comment       0x00000088       0x89 c:/nxp/s32ds.3.6.3/s32ds/build_tools/gcc_v10.2/gcc-10.2-arm32-eabi/bin/../lib/gcc/arm-none-eabi/10.2.0/../../../../arm-none-eabi/lib/thumb/v7e-m/nofp\libc.a(lib_a-__atexit.o)
 .comment       0x00000088       0x89 c:/nxp/s32ds.3.6.3/s32ds/build_tools/gcc_v10.2/gcc-10.2-arm32-eabi/bin/../lib/gcc/arm-none-eabi/10.2.0/../../../../arm-none-eabi/lib/thumb/v7e-m/nofp\librdimon.a(rdimon-syscalls.o)
 .comment       0x00000088       0x89 c:/nxp/s32ds.3.6.3/s32ds/build_tools/gcc_v10.2/gcc-10.2-arm32-eabi/bin/../lib/gcc/arm-none-eabi/10.2.0/../../../../arm-none-eabi/lib/thumb/v7e-m/nofp\librdimon.a(rdimon-_exit.o)
 .comment       0x00000088       0x89 c:/nxp/s32ds.3.6.3/s32ds/build_tools/gcc_v10.2/gcc-10.2-arm32-eabi/bin/../lib/gcc/arm-none-eabi/10.2.0/../../../../arm-none-eabi/lib/thumb/v7e-m/nofp\librdimon.a(rdimon-_kill.o)
 .comment       0x00000088       0x89 c:/nxp/s32ds.3.6.3/s32ds/build_tools/gcc_v10.2/gcc-10.2-arm32-eabi/bin/../lib/gcc/arm-none-eabi/10.2.0/../../../../arm-none-eabi/lib/thumb/v7e-m/nofp\libc.a(lib_a-errno.o)
 .comment       0x00000088       0x89 c:/nxp/s32ds.3.6.3/s32ds/build_tools/gcc_v10.2/gcc-10.2-arm32-eabi/bin/../lib/gcc/arm-none-eabi/10.2.0/../../../../arm-none-eabi/lib/thumb/v7e-m/nofp\libc.a(lib_a-findfp.o)
 .comment       0x00000088       0x89 c:/nxp/s32ds.3.6.3/s32ds/build_tools/gcc_v10.2/gcc-10.2-arm32-eabi/bin/../lib/gcc/arm-none-eabi/10.2.0/../../../../arm-none-eabi/lib/thumb/v7e-m/nofp\libc.a(lib_a-fwalk.o)
 .comment       0x00000088       0x89 c:/nxp/s32ds.3.6.3/s32ds/build_tools/gcc_v10.2/gcc-10.2-arm32-eabi/bin/../lib/gcc/arm-none-eabi/10.2.0/../../../../arm-none-eabi/lib/thumb/v7e-m/nofp\libc.a(lib_a-mallocr.o)
 .comment       0x00000088       0x89 c:/nxp/s32ds.3.6.3/s32ds/build_tools/gcc_v10.2/gcc-10.2-arm32-eabi/bin/../lib/gcc/arm-none-eabi/10.2.0/../../../../arm-none-eabi/lib/thumb/v7e-m/nofp\libc.a(lib_a-mlock.o)
 .comment       0x00000088       0x89 c:/nxp/s32ds.3.6.3/s32ds/build_tools/gcc_v10.2/gcc-10.2-arm32-eabi/bin/../lib/gcc/arm-none-eabi/10.2.0/../../../../arm-none-eabi/lib/thumb/v7e-m/nofp\libc.a(lib_a-sbrkr.o)
 .comment       0x00000088       0x89 c:/nxp/s32ds.3.6.3/s32ds/build_tools/gcc_v10.2/gcc-10.2-arm32-eabi/bin/../lib/gcc/arm-none-eabi/10.2.0/../../../../arm-none-eabi/lib/thumb/v7e-m/nofp\libc.a(lib_a-stdio.o)
 .comment       0x00000088       0x89 c:/nxp/s32ds.3.6.3/s32ds/build_tools/gcc_v10.2/gcc-10.2-arm32-eabi/bin/../lib/gcc/arm-none-eabi/10.2.0/../../../../arm-none-eabi/lib/thumb/v7e-m/nofp\libc.a(lib_a-writer.o)
 .comment       0x00000088       0x89 c:/nxp/s32ds.3.6.3/s32ds/build_tools/gcc_v10.2/gcc-10.2-arm32-eabi/bin/../lib/gcc/arm-none-eabi/10.2.0/../../../../arm-none-eabi/lib/thumb/v7e-m/nofp\libc.a(lib_a-closer.o)
 .comment       0x00000088       0x89 c:/nxp/s32ds.3.6.3/s32ds/build_tools/gcc_v10.2/gcc-10.2-arm32-eabi/bin/../lib/gcc/arm-none-eabi/10.2.0/../../../../arm-none-eabi/lib/thumb/v7e-m/nofp\libc.a(lib_a-fclose.o)
 .comment       0x00000088       0x89 c:/nxp/s32ds.3.6.3/s32ds/build_tools/gcc_v10.2/gcc-10.2-arm32-eabi/bin/../lib/gcc/arm-none-eabi/10.2.0/../../../../arm-none-eabi/lib/thumb/v7e-m/nofp\libc.a(lib_a-fflush.o)
 .comment       0x00000088       0x89 c:/nxp/s32ds.3.6.3/s32ds/build_tools/gcc_v10.2/gcc-10.2-arm32-eabi/bin/../lib/gcc/arm-none-eabi/10.2.0/../../../../arm-none-eabi/lib/thumb/v7e-m/nofp\libc.a(lib_a-freer.o)
 .comment       0x00000088       0x89 c:/nxp/s32ds.3.6.3/s32ds/build_tools/gcc_v10.2/gcc-10.2-arm32-eabi/bin/../lib/gcc/arm-none-eabi/10.2.0/../../../../arm-none-eabi/lib/thumb/v7e-m/nofp\libc.a(lib_a-lseekr.o)
 .comment       0x00000088       0x89 c:/nxp/s32ds.3.6.3/s32ds/build_tools/gcc_v10.2/gcc-10.2-arm32-eabi/bin/../lib/gcc/arm-none-eabi/10.2.0/../../../../arm-none-eabi/lib/thumb/v7e-m/nofp\libc.a(lib_a-readr.o)
 .comment       0x00000088       0x89 c:/nxp/s32ds.3.6.3/s32ds/build_tools/gcc_v10.2/gcc-10.2-arm32-eabi/bin/../lib/gcc/arm-none-eabi/10.2.0/../../../../arm-none-eabi/lib/thumb/v7e-m/nofp\libc.a(lib_a-reent.o)
 .comment       0x00000088       0x89 c:/nxp/s32ds.3.6.3/s32ds/build_tools/gcc_v10.2/gcc-10.2-arm32-eabi/bin/../lib/gcc/arm-none-eabi/10.2.0/thumb/v7e-m/nofp/crtend.o

.debug_line     0x00000000     0x11f6
 .debug_line    0x00000000       0xd9 c:/nxp/s32ds.3.6.3/s32ds/build_tools/gcc_v10.2/gcc-10.2-arm32-eabi/bin/../lib/gcc/arm-none-eabi/10.2.0/../../../../arm-none-eabi/lib/thumb/v7e-m/nofp/rdimon-crt0.o
 .debug_line    0x000000d9      0x38a ./Project_Settings/Startup_Code/startup.o
 .debug_line    0x00000463       0x91 ./Project_Settings/Startup_Code/startup_S32K144.o
 .debug_line    0x000004f4      0x3bf ./Project_Settings/Startup_Code/system_S32K144.o
 .debug_line    0x000008b3      0x2f5 ./src/driver/GPIO.o
 .debug_line    0x00000ba8      0x38d ./src/driver/Port.o
 .debug_line    0x00000f35      0x2c1 ./src/main.o

.debug_info     0x00000000     0x14a6
 .debug_info    0x00000000       0x26 c:/nxp/s32ds.3.6.3/s32ds/build_tools/gcc_v10.2/gcc-10.2-arm32-eabi/bin/../lib/gcc/arm-none-eabi/10.2.0/../../../../arm-none-eabi/lib/thumb/v7e-m/nofp/rdimon-crt0.o
 .debug_info    0x00000026      0x443 ./Project_Settings/Startup_Code/startup.o
 .debug_info    0x00000469       0x26 ./Project_Settings/Startup_Code/startup_S32K144.o
 .debug_info    0x0000048f      0x567 ./Project_Settings/Startup_Code/system_S32K144.o
 .debug_info    0x000009f6      0x204 ./src/driver/GPIO.o
 .debug_info    0x00000bfa      0x63a ./src/driver/Port.o
 .debug_info    0x00001234      0x272 ./src/main.o

.debug_abbrev   0x00000000      0x5e8
 .debug_abbrev  0x00000000       0x14 c:/nxp/s32ds.3.6.3/s32ds/build_tools/gcc_v10.2/gcc-10.2-arm32-eabi/bin/../lib/gcc/arm-none-eabi/10.2.0/../../../../arm-none-eabi/lib/thumb/v7e-m/nofp/rdimon-crt0.o
 .debug_abbrev  0x00000014      0x11c ./Project_Settings/Startup_Code/startup.o
 .debug_abbrev  0x00000130       0x14 ./Project_Settings/Startup_Code/startup_S32K144.o
 .debug_abbrev  0x00000144      0x13f ./Project_Settings/Startup_Code/system_S32K144.o
 .debug_abbrev  0x00000283       0xf8 ./src/driver/GPIO.o
 .debug_abbrev  0x0000037b      0x17f ./src/driver/Port.o
 .debug_abbrev  0x000004fa       0xee ./src/main.o

.debug_str      0x00000000    0x6264d
 .debug_str     0x00000000       0xad c:/nxp/s32ds.3.6.3/s32ds/build_tools/gcc_v10.2/gcc-10.2-arm32-eabi/bin/../lib/gcc/arm-none-eabi/10.2.0/../../../../arm-none-eabi/lib/thumb/v7e-m/nofp/rdimon-crt0.o
 .debug_str     0x000000ad    0x61a78 ./Project_Settings/Startup_Code/startup.o
                              0x61c08 (size before relaxing)
 .debug_str     0x00061b25       0x33 ./Project_Settings/Startup_Code/startup_S32K144.o
                                 0x7a (size before relaxing)
 .debug_str     0x00061b58      0x1f3 ./Project_Settings/Startup_Code/system_S32K144.o
                              0x61a79 (size before relaxing)
 .debug_str     0x00061d4b       0xcc ./src/driver/GPIO.o
                              0x56867 (size before relaxing)
 .debug_str     0x00061e17      0x801 ./src/driver/Port.o
                              0x57033 (size before relaxing)
 .debug_str     0x00062618       0x35 ./src/main.o
                              0x569d7 (size before relaxing)

.debug_aranges  0x00000000      0x118
 .debug_aranges
                0x00000000       0x20 ./Project_Settings/Startup_Code/startup.o
 .debug_aranges
                0x00000020       0x20 ./Project_Settings/Startup_Code/startup_S32K144.o
 .debug_aranges
                0x00000040       0x30 ./Project_Settings/Startup_Code/system_S32K144.o
 .debug_aranges
                0x00000070       0x38 ./src/driver/GPIO.o
 .debug_aranges
                0x000000a8       0x40 ./src/driver/Port.o
 .debug_aranges
                0x000000e8       0x30 ./src/main.o

.debug_ranges   0x00000000       0xa8
 .debug_ranges  0x00000000       0x10 ./Project_Settings/Startup_Code/startup.o
 .debug_ranges  0x00000010       0x20 ./Project_Settings/Startup_Code/system_S32K144.o
 .debug_ranges  0x00000030       0x28 ./src/driver/GPIO.o
 .debug_ranges  0x00000058       0x30 ./src/driver/Port.o
 .debug_ranges  0x00000088       0x20 ./src/main.o

.debug_macro    0x00000000    0x1b0d9
 .debug_macro   0x00000000       0xb5 ./Project_Settings/Startup_Code/startup.o
 .debug_macro   0x000000b5      0xa60 ./Project_Settings/Startup_Code/startup.o
 .debug_macro   0x00000b15       0x22 ./Project_Settings/Startup_Code/startup.o
 .debug_macro   0x00000b37       0x8e ./Project_Settings/Startup_Code/startup.o
 .debug_macro   0x00000bc5       0x51 ./Project_Settings/Startup_Code/startup.o
 .debug_macro   0x00000c16      0x103 ./Project_Settings/Startup_Code/startup.o
 .debug_macro   0x00000d19       0x6a ./Project_Settings/Startup_Code/startup.o
 .debug_macro   0x00000d83      0x1df ./Project_Settings/Startup_Code/startup.o
 .debug_macro   0x00000f62       0x10 ./Project_Settings/Startup_Code/startup.o
 .debug_macro   0x00000f72       0x78 ./Project_Settings/Startup_Code/startup.o
 .debug_macro   0x00000fea     0xc365 ./Project_Settings/Startup_Code/startup.o
 .debug_macro   0x0000d34f     0x1707 ./Project_Settings/Startup_Code/startup.o
 .debug_macro   0x0000ea56       0x22 ./Project_Settings/Startup_Code/startup.o
 .debug_macro   0x0000ea78       0x40 ./Project_Settings/Startup_Code/startup.o
 .debug_macro   0x0000eab8       0xb4 ./Project_Settings/Startup_Code/system_S32K144.o
 .debug_macro   0x0000eb6c       0x16 ./Project_Settings/Startup_Code/system_S32K144.o
 .debug_macro   0x0000eb82     0xc353 ./Project_Settings/Startup_Code/system_S32K144.o
 .debug_macro   0x0001aed5       0x28 ./Project_Settings/Startup_Code/system_S32K144.o
 .debug_macro   0x0001aefd       0x7a ./src/driver/GPIO.o
 .debug_macro   0x0001af77       0x1c ./src/driver/GPIO.o
 .debug_macro   0x0001af93       0x83 ./src/driver/Port.o
 .debug_macro   0x0001b016       0x40 ./src/driver/Port.o
 .debug_macro   0x0001b056       0x83 ./src/main.o

.debug_frame    0x00000000      0x29c
 .debug_frame   0x00000000       0x38 ./Project_Settings/Startup_Code/startup.o
 .debug_frame   0x00000038       0x80 ./Project_Settings/Startup_Code/system_S32K144.o
 .debug_frame   0x000000b8       0xb0 ./src/driver/GPIO.o
 .debug_frame   0x00000168       0xd0 ./src/driver/Port.o
 .debug_frame   0x00000238       0x64 ./src/main.o
